current directory: /Users/ts-ken.a.ichinose/git/training/myapp/vendor/bundle/ruby/2.6.0/gems/debase-0.2.4.1/ext/attach
/Users/ts-ken.a.ichinose/.rbenv/versions/2.6.8/bin/ruby -I /Users/ts-ken.a.ichinose/.rbenv/versions/2.6.8/lib/ruby/2.6.0 -r ./siteconf20211101-96491-1adyjvw.rb extconf.rb
checking for vm_core.h... no
checking for vm_core.h... no
**************************************************************************
No source for ruby-2.6.8-p205 (revision 67951) provided with
debase-ruby_core_source gem. Falling back to ruby-2.6.5-p114.
**************************************************************************
checking for vm_core.h... yes
checking for iseq.h... yes
checking for version.h... yes
checking for vm_core.h... yes
checking for vm_insnhelper.h... yes
checking for vm_core.h... yes
checking for method.h... yes
creating Makefile

current directory: /Users/ts-ken.a.ichinose/git/training/myapp/vendor/bundle/ruby/2.6.0/gems/debase-0.2.4.1/ext/attach
make "DESTDIR=" clean

current directory: /Users/ts-ken.a.ichinose/git/training/myapp/vendor/bundle/ruby/2.6.0/gems/debase-0.2.4.1/ext/attach
make "DESTDIR="
compiling attach.c
linking shared-object attach.bundle

current directory: /Users/ts-ken.a.ichinose/git/training/myapp/vendor/bundle/ruby/2.6.0/gems/debase-0.2.4.1/ext/attach
make "DESTDIR=" install
/usr/bin/install -c -m 0755 attach.bundle ./.gem.20211101-96491-4omuea
