current directory: /Users/ts-ken.a.ichinose/git/training/myapp/vendor/bundle/ruby/2.6.0/gems/bindex-0.8.1/ext/skiptrace
/Users/ts-ken.a.ichinose/.rbenv/versions/2.6.8/bin/ruby -I /Users/ts-ken.a.ichinose/.rbenv/versions/2.6.8/lib/ruby/2.6.0 -r ./siteconf20211101-96491-1gv0xnw.rb extconf.rb
creating Makefile

current directory: /Users/ts-ken.a.ichinose/git/training/myapp/vendor/bundle/ruby/2.6.0/gems/bindex-0.8.1/ext/skiptrace
make "DESTDIR=" clean

current directory: /Users/ts-ken.a.ichinose/git/training/myapp/vendor/bundle/ruby/2.6.0/gems/bindex-0.8.1/ext/skiptrace
make "DESTDIR="
compiling cruby.c
cruby.c:74:17: warning: '(' and '{' tokens introducing statement expression appear in different macro expansion contexts [-Wcompound-token-split-by-macro]
  id_bindings = rb_intern("bindings");
                ^~~~~~~~~~~~~~~~~~~~~
/Users/ts-ken.a.ichinose/.rbenv/versions/2.6.8/include/ruby-2.6.0/ruby/ruby.h:1826:23: note: expanded from macro 'rb_intern'
        __extension__ (RUBY_CONST_ID_CACHE((ID), (str))) : \
                      ^
cruby.c:74:17: note: '{' token is here
  id_bindings = rb_intern("bindings");
                ^~~~~~~~~~~~~~~~~~~~~
/Users/ts-ken.a.ichinose/.rbenv/versions/2.6.8/include/ruby-2.6.0/ruby/ruby.h:1826:24: note: expanded from macro 'rb_intern'
        __extension__ (RUBY_CONST_ID_CACHE((ID), (str))) : \
                       ^~~~~~~~~~~~~~~~~~~~~~~~~~~~~~~~
/Users/ts-ken.a.ichinose/.rbenv/versions/2.6.8/include/ruby-2.6.0/ruby/ruby.h:1811:5: note: expanded from macro 'RUBY_CONST_ID_CACHE'
    {                                                   \
    ^
cruby.c:74:17: warning: '}' and ')' tokens terminating statement expression appear in different macro expansion contexts [-Wcompound-token-split-by-macro]
  id_bindings = rb_intern("bindings");
                ^~~~~~~~~~~~~~~~~~~~~
/Users/ts-ken.a.ichinose/.rbenv/versions/2.6.8/include/ruby-2.6.0/ruby/ruby.h:1826:24: note: expanded from macro 'rb_intern'
        __extension__ (RUBY_CONST_ID_CACHE((ID), (str))) : \
                       ^~~~~~~~~~~~~~~~~~~~~~~~~~~~~~~~
/Users/ts-ken.a.ichinose/.rbenv/versions/2.6.8/include/ruby-2.6.0/ruby/ruby.h:1816:5: note: expanded from macro 'RUBY_CONST_ID_CACHE'
    }
    ^
cruby.c:74:17: note: ')' token is here
  id_bindings = rb_intern("bindings");
                ^~~~~~~~~~~~~~~~~~~~~
/Users/ts-ken.a.ichinose/.rbenv/versions/2.6.8/include/ruby-2.6.0/ruby/ruby.h:1826:56: note: expanded from macro 'rb_intern'
        __extension__ (RUBY_CONST_ID_CACHE((ID), (str))) : \
                                                       ^
2 warnings generated.
linking shared-object skiptrace/internal/cruby.bundle

current directory: /Users/ts-ken.a.ichinose/git/training/myapp/vendor/bundle/ruby/2.6.0/gems/bindex-0.8.1/ext/skiptrace
make "DESTDIR=" install
/usr/bin/install -c -m 0755 cruby.bundle ./.gem.20211101-96491-146b2fz/skiptrace/internal
